Archive member included to satisfy reference by file (symbol)

D:/ST/STM32CubeIDE_1.14.0/STM32CubeIDE/plugins/com.st.stm32cube.ide.mcu.externaltools.gnu-tools-for-stm32.11.3.rel1.win32_1.1.100.202309141235/tools/bin/../lib/gcc/arm-none-eabi/11.3.1/../../../../arm-none-eabi/lib/thumb/v7e-m+fp/hard\libc_nano.a(libc_a-exit.o)
                              D:/ST/STM32CubeIDE_1.14.0/STM32CubeIDE/plugins/com.st.stm32cube.ide.mcu.externaltools.gnu-tools-for-stm32.11.3.rel1.win32_1.1.100.202309141235/tools/bin/../lib/gcc/arm-none-eabi/11.3.1/../../../../arm-none-eabi/lib/thumb/v7e-m+fp/hard/crt0.o (exit)
D:/ST/STM32CubeIDE_1.14.0/STM32CubeIDE/plugins/com.st.stm32cube.ide.mcu.externaltools.gnu-tools-for-stm32.11.3.rel1.win32_1.1.100.202309141235/tools/bin/../lib/gcc/arm-none-eabi/11.3.1/../../../../arm-none-eabi/lib/thumb/v7e-m+fp/hard\libc_nano.a(libc_a-findfp.o)
                              D:/ST/STM32CubeIDE_1.14.0/STM32CubeIDE/plugins/com.st.stm32cube.ide.mcu.externaltools.gnu-tools-for-stm32.11.3.rel1.win32_1.1.100.202309141235/tools/bin/../lib/gcc/arm-none-eabi/11.3.1/../../../../arm-none-eabi/lib/thumb/v7e-m+fp/hard\libc_nano.a(libc_a-exit.o) (__stdio_exit_handler)
D:/ST/STM32CubeIDE_1.14.0/STM32CubeIDE/plugins/com.st.stm32cube.ide.mcu.externaltools.gnu-tools-for-stm32.11.3.rel1.win32_1.1.100.202309141235/tools/bin/../lib/gcc/arm-none-eabi/11.3.1/../../../../arm-none-eabi/lib/thumb/v7e-m+fp/hard\libc_nano.a(libc_a-fwalk.o)
                              D:/ST/STM32CubeIDE_1.14.0/STM32CubeIDE/plugins/com.st.stm32cube.ide.mcu.externaltools.gnu-tools-for-stm32.11.3.rel1.win32_1.1.100.202309141235/tools/bin/../lib/gcc/arm-none-eabi/11.3.1/../../../../arm-none-eabi/lib/thumb/v7e-m+fp/hard\libc_nano.a(libc_a-findfp.o) (_fwalk_sglue)
D:/ST/STM32CubeIDE_1.14.0/STM32CubeIDE/plugins/com.st.stm32cube.ide.mcu.externaltools.gnu-tools-for-stm32.11.3.rel1.win32_1.1.100.202309141235/tools/bin/../lib/gcc/arm-none-eabi/11.3.1/../../../../arm-none-eabi/lib/thumb/v7e-m+fp/hard\libc_nano.a(libc_a-stdio.o)
                              D:/ST/STM32CubeIDE_1.14.0/STM32CubeIDE/plugins/com.st.stm32cube.ide.mcu.externaltools.gnu-tools-for-stm32.11.3.rel1.win32_1.1.100.202309141235/tools/bin/../lib/gcc/arm-none-eabi/11.3.1/../../../../arm-none-eabi/lib/thumb/v7e-m+fp/hard\libc_nano.a(libc_a-findfp.o) (__sread)
D:/ST/STM32CubeIDE_1.14.0/STM32CubeIDE/plugins/com.st.stm32cube.ide.mcu.externaltools.gnu-tools-for-stm32.11.3.rel1.win32_1.1.100.202309141235/tools/bin/../lib/gcc/arm-none-eabi/11.3.1/../../../../arm-none-eabi/lib/thumb/v7e-m+fp/hard\libc_nano.a(libc_a-memset.o)
                              D:/ST/STM32CubeIDE_1.14.0/STM32CubeIDE/plugins/com.st.stm32cube.ide.mcu.externaltools.gnu-tools-for-stm32.11.3.rel1.win32_1.1.100.202309141235/tools/bin/../lib/gcc/arm-none-eabi/11.3.1/../../../../arm-none-eabi/lib/thumb/v7e-m+fp/hard/crt0.o (memset)
D:/ST/STM32CubeIDE_1.14.0/STM32CubeIDE/plugins/com.st.stm32cube.ide.mcu.externaltools.gnu-tools-for-stm32.11.3.rel1.win32_1.1.100.202309141235/tools/bin/../lib/gcc/arm-none-eabi/11.3.1/../../../../arm-none-eabi/lib/thumb/v7e-m+fp/hard\libc_nano.a(libc_a-closer.o)
                              D:/ST/STM32CubeIDE_1.14.0/STM32CubeIDE/plugins/com.st.stm32cube.ide.mcu.externaltools.gnu-tools-for-stm32.11.3.rel1.win32_1.1.100.202309141235/tools/bin/../lib/gcc/arm-none-eabi/11.3.1/../../../../arm-none-eabi/lib/thumb/v7e-m+fp/hard\libc_nano.a(libc_a-stdio.o) (_close_r)
D:/ST/STM32CubeIDE_1.14.0/STM32CubeIDE/plugins/com.st.stm32cube.ide.mcu.externaltools.gnu-tools-for-stm32.11.3.rel1.win32_1.1.100.202309141235/tools/bin/../lib/gcc/arm-none-eabi/11.3.1/../../../../arm-none-eabi/lib/thumb/v7e-m+fp/hard\libc_nano.a(libc_a-reent.o)
                              D:/ST/STM32CubeIDE_1.14.0/STM32CubeIDE/plugins/com.st.stm32cube.ide.mcu.externaltools.gnu-tools-for-stm32.11.3.rel1.win32_1.1.100.202309141235/tools/bin/../lib/gcc/arm-none-eabi/11.3.1/../../../../arm-none-eabi/lib/thumb/v7e-m+fp/hard\libc_nano.a(libc_a-closer.o) (errno)
D:/ST/STM32CubeIDE_1.14.0/STM32CubeIDE/plugins/com.st.stm32cube.ide.mcu.externaltools.gnu-tools-for-stm32.11.3.rel1.win32_1.1.100.202309141235/tools/bin/../lib/gcc/arm-none-eabi/11.3.1/../../../../arm-none-eabi/lib/thumb/v7e-m+fp/hard\libc_nano.a(libc_a-impure.o)
                              D:/ST/STM32CubeIDE_1.14.0/STM32CubeIDE/plugins/com.st.stm32cube.ide.mcu.externaltools.gnu-tools-for-stm32.11.3.rel1.win32_1.1.100.202309141235/tools/bin/../lib/gcc/arm-none-eabi/11.3.1/../../../../arm-none-eabi/lib/thumb/v7e-m+fp/hard\libc_nano.a(libc_a-reent.o) (_impure_ptr)
D:/ST/STM32CubeIDE_1.14.0/STM32CubeIDE/plugins/com.st.stm32cube.ide.mcu.externaltools.gnu-tools-for-stm32.11.3.rel1.win32_1.1.100.202309141235/tools/bin/../lib/gcc/arm-none-eabi/11.3.1/../../../../arm-none-eabi/lib/thumb/v7e-m+fp/hard\libc_nano.a(libc_a-lseekr.o)
[...]
Memory Configuration

Name             Origin             Length             Attributes
CCMRAM           0x0000000010000000 0x0000000000010000 xrw
RAM              0x0000000020000000 0x0000000000020000 xrw
FLASH            0x0000000008000000 0x0000000000100000 xr
*default*        0x0000000000000000 0xffffffffffffffff

Linker script and memory map

LOAD D:/ST/STM32CubeIDE_1.14.0/STM32CubeIDE/plugins/com.st.stm32cube.ide.mcu.externaltools.gnu-tools-for-stm32.11.3.rel1.win32_1.1.100.202309141235/tools/bin/../lib/gcc/arm-none-eabi/11.3.1/thumb/v7e-m+fp/hard/crti.o
LOAD D:/ST/STM32CubeIDE_1.14.0/STM32CubeIDE/plugins/com.st.stm32cube.ide.mcu.externaltools.gnu-tools-for-stm32.11.3.rel1.win32_1.1.100.202309141235/tools/bin/../lib/gcc/arm-none-eabi/11.3.1/thumb/v7e-m+fp/hard/crtbegin.o
LOAD D:/ST/STM32CubeIDE_1.14.0/STM32CubeIDE/plugins/com.st.stm32cube.ide.mcu.externaltools.gnu-tools-for-stm32.11.3.rel1.win32_1.1.100.202309141235/tools/bin/../lib/gcc/arm-none-eabi/11.3.1/../../../../arm-none-eabi/lib/thumb/v7e-m+fp/hard/crt0.o
LOAD ./Core/Src/MY_LIS3DSH.o
LOAD ./Core/Src/main.o
LOAD ./Core/Src/stm32f4xx_hal_msp.o
LOAD ./Core/Src/stm32f4xx_it.o
LOAD ./Core/Src/syscalls.o
LOAD ./Core/Src/sysmem.o
LOAD ./Core/Src/system_stm32f4xx.o
LOAD ./Core/Startup/startup_stm32f407vgtx.o
LOAD ./Drivers/STM32F4xx_HAL_Driver/Src/stm32f4xx_hal.o
LOAD ./Drivers/STM32F4xx_HAL_Driver/Src/stm32f4xx_hal_cortex.o
LOAD ./Drivers/STM32F4xx_HAL_Driver/Src/stm32f4xx_hal_dma.o
LOAD ./Drivers/STM32F4xx_HAL_Driver/Src/stm32f4xx_hal_dma_ex.o
LOAD ./Drivers/STM32F4xx_HAL_Driver/Src/stm32f4xx_hal_exti.o
LOAD ./Drivers/STM32F4xx_HAL_Driver/Src/stm32f4xx_hal_flash.o
LOAD ./Drivers/STM32F4xx_HAL_Driver/Src/stm32f4xx_hal_flash_ex.o
LOAD ./Drivers/STM32F4xx_HAL_Driver/Src/stm32f4xx_hal_flash_ramfunc.o
LOAD ./Drivers/STM32F4xx_HAL_Driver/Src/stm32f4xx_hal_gpio.o
LOAD ./Drivers/STM32F4xx_HAL_Driver/Src/stm32f4xx_hal_pwr.o
LOAD ./Drivers/STM32F4xx_HAL_Driver/Src/stm32f4xx_hal_pwr_ex.o
LOAD ./Drivers/STM32F4xx_HAL_Driver/Src/stm32f4xx_hal_rcc.o
LOAD ./Drivers/STM32F4xx_HAL_Driver/Src/stm32f4xx_hal_rcc_ex.o
LOAD ./Drivers/STM32F4xx_HAL_Driver/Src/stm32f4xx_hal_spi.o
LOAD ./Drivers/STM32F4xx_HAL_Driver/Src/stm32f4xx_hal_tim.o
LOAD ./Drivers/STM32F4xx_HAL_Driver/Src/stm32f4xx_hal_tim_ex.o
START GROUP
LOAD D:/ST/STM32CubeIDE_1.14.0/STM32CubeIDE/plugins/com.st.stm32cube.ide.mcu.externaltools.gnu-tools-for-stm32.11.3.rel1.win32_1.1.100.202309141235/tools/bin/../lib/gcc/arm-none-eabi/11.3.1/../../../../arm-none-eabi/lib/thumb/v7e-m+fp/hard\libc_nano.a
LOAD D:/ST/STM32CubeIDE_1.14.0/STM32CubeIDE/plugins/com.st.stm32cube.ide.mcu.externaltools.gnu-tools-for-stm32.11.3.rel1.win32_1.1.100.202309141235/tools/bin/../lib/gcc/arm-none-eabi/11.3.1/../../../../arm-none-eabi/lib/thumb/v7e-m+fp/hard\libm.a
END GROUP
START GROUP
LOAD D:/ST/STM32CubeIDE_1.14.0/STM32CubeIDE/plugins/com.st.stm32cube.ide.mcu.externaltools.gnu-tools-for-stm32.11.3.rel1.win32_1.1.100.202309141235/tools/bin/../lib/gcc/arm-none-eabi/11.3.1/thumb/v7e-m+fp/hard\libgcc.a
LOAD D:/ST/STM32CubeIDE_1.14.0/STM32CubeIDE/plugins/com.st.stm32cube.ide.mcu.externaltools.gnu-tools-for-stm32.11.3.rel1.win32_1.1.100.202309141235/tools/bin/../lib/gcc/arm-none-eabi/11.3.1/../../../../arm-none-eabi/lib/thumb/v7e-m+fp/hard\libc_nano.a
END GROUP
START GROUP
LOAD D:/ST/STM32CubeIDE_1.14.0/STM32CubeIDE/plugins/com.st.stm32cube.ide.mcu.externaltools.gnu-tools-for-stm32.11.3.rel1.win32_1.1.100.202309141235/tools/bin/../lib/gcc/arm-none-eabi/11.3.1/thumb/v7e-m+fp/hard\libgcc.a
LOAD D:/ST/STM32CubeIDE_1.14.0/STM32CubeIDE/plugins/com.st.stm32cube.ide.mcu.externaltools.gnu-tools-for-stm32.11.3.rel1.win32_1.1.100.202309141235/tools/bin/../lib/gcc/arm-none-eabi/11.3.1/../../../../arm-none-eabi/lib/thumb/v7e-m+fp/hard\libc_nano.a
LOAD D:/ST/STM32CubeIDE_1.14.0/STM32CubeIDE/plugins/com.st.stm32cube.ide.mcu.externaltools.gnu-tools-for-stm32.11.3.rel1.win32_1.1.100.202309141235/tools/bin/../lib/gcc/arm-none-eabi/11.3.1/../../../../arm-none-eabi/lib/thumb/v7e-m+fp/hard\libnosys.a
END GROUP
START GROUP
LOAD D:/ST/STM32CubeIDE_1.14.0/STM32CubeIDE/plugins/com.st.stm32cube.ide.mcu.externaltools.gnu-tools-for-stm32.11.3.rel1.win32_1.1.100.202309141235/tools/bin/../lib/gcc/arm-none-eabi/11.3.1/thumb/v7e-m+fp/hard\libgcc.a
LOAD D:/ST/STM32CubeIDE_1.14.0/STM32CubeIDE/plugins/com.st.stm32cube.ide.mcu.externaltools.gnu-tools-for-stm32.11.3.rel1.win32_1.1.100.202309141235/tools/bin/../lib/gcc/arm-none-eabi/11.3.1/../../../../arm-none-eabi/lib/thumb/v7e-m+fp/hard\libc_nano.a
LOAD D:/ST/STM32CubeIDE_1.14.0/STM32CubeIDE/plugins/com.st.stm32cube.ide.mcu.externaltools.gnu-tools-for-stm32.11.3.rel1.win32_1.1.100.202309141235/tools/bin/../lib/gcc/arm-none-eabi/11.3.1/../../../../arm-none-eabi/lib/thumb/v7e-m+fp/hard\libnosys.a
END GROUP
LOAD D:/ST/STM32CubeIDE_1.14.0/STM32CubeIDE/plugins/com.st.stm32cube.ide.mcu.externaltools.gnu-tools-for-stm32.11.3.rel1.win32_1.1.100.202309141235/tools/bin/../lib/gcc/arm-none-eabi/11.3.1/thumb/v7e-m+fp/hard/crtend.o
LOAD D:/ST/STM32CubeIDE_1.14.0/STM32CubeIDE/plugins/com.st.stm32cube.ide.mcu.externaltools.gnu-tools-for-stm32.11.3.rel1.win32_1.1.100.202309141235/tools/bin/../lib/gcc/arm-none-eabi/11.3.1/thumb/v7e-m+fp/hard/crtn.o
                0x0000000020020000                _estack = (ORIGIN (RAM) + LENGTH (RAM))
                0x0000000000000200                _Min_Heap_Size = 0x200
                0x0000000000000400                _Min_Stack_Size = 0x400

.isr_vector     0x0000000008000000      0x188
                0x0000000008000000                . = ALIGN (0x4)
 *(.isr_vector)
 .isr_vector    0x0000000008000000      0x188 ./Core/Startup/startup_stm32f407vgtx.o
                0x0000000008000000                g_pfnVectors
                0x0000000008000188                . = ALIGN (0x4)

.text           0x0000000008000188     0x2920
                0x0000000008000188                . = ALIGN (0x4)
 *(.text)
 .text          0x0000000008000188       0x40 D:/ST/STM32CubeIDE_1.14.0/STM32CubeIDE/plugins/com.st.stm32cube.ide.mcu.externaltools.gnu-tools-for-stm32.11.3.rel1.win32_1.1.100.202309141235/tools/bin/../lib/gcc/arm-none-eabi/11.3.1/thumb/v7e-m+fp/hard/crtbegin.o
 .text          0x00000000080001c8       0x30 D:/ST/STM32CubeIDE_1.14.0/STM32CubeIDE/plugins/com.st.stm32cube.ide.mcu.externaltools.gnu-tools-for-stm32.11.3.rel1.win32_1.1.100.202309141235/tools/bin/../lib/gcc/arm-none-eabi/11.3.1/thumb/v7e-m+fp/hard\libgcc.a(_aeabi_uldivmod.o)
                0x00000000080001c8                __aeabi_uldivmod
 .text          0x00000000080001f8      0x2c8 D:/ST/STM32CubeIDE_1.14.0/STM32CubeIDE/plugins/com.st.stm32cube.ide.mcu.externaltools.gnu-tools-for-stm32.11.3.rel1.win32_1.1.100.202309141235/tools/bin/../lib/gcc/arm-none-eabi/11.3.1/thumb/v7e-m+fp/hard\libgcc.a(_udivmoddi4.o)
                0x00000000080001f8                __udivmoddi4
 .text          0x00000000080004c0        0x4 D:/ST/STM32CubeIDE_1.14.0/STM32CubeIDE/plugins/com.st.stm32cube.ide.mcu.externaltools.gnu-tools-for-stm32.11.3.rel1.win32_1.1.100.202309141235/tools/bin/../lib/gcc/arm-none-eabi/11.3.1/thumb/v7e-m+fp/hard\libgcc.a(_dvmd_tls.o)
                0x00000000080004c0                __aeabi_idiv0
                0x00000000080004c0                __aeabi_ldiv0
 *(.text*)
 .text.LIS3DSH_WriteIO
                0x00000000080004c4       0x54 ./Core/Src/MY_LIS3DSH.o
                0x00000000080004c4                LIS3DSH_WriteIO
 .text.LIS3DSH_ReadIO
                0x0000000008000518       0x88 ./Core/Src/MY_LIS3DSH.o
                0x0000000008000518                LIS3DSH_ReadIO
 .text.LIS3DSH_Init
                0x00000000080005a0      0x1a0 ./Core/Src/MY_LIS3DSH.o
                0x00000000080005a0                LIS3DSH_Init
 .text.LIS3DSH_GetDataRaw
                0x0000000008000740       0x86 ./Core/Src/MY_LIS3DSH.o
                0x0000000008000740                LIS3DSH_GetDataRaw
 *fill*         0x00000000080007c6        0x2 
 .text.LIS3DSH_GetDataScaled
                0x00000000080007c8      0x104 ./Core/Src/MY_LIS3DSH.o
                0x00000000080007c8                LIS3DSH_GetDataScaled
 .text.LIS3DSH_X_calibrate
                0x00000000080008cc       0x5c ./Core/Src/MY_LIS3DSH.o
                0x00000000080008cc                LIS3DSH_X_calibrate
 .text.LIS3DSH_Y_calibrate
                0x0000000008000928       0x5c ./Core/Src/MY_LIS3DSH.o
                0x0000000008000928                LIS3DSH_Y_calibrate
 .text.LIS3DSH_Z_calibrate
                0x0000000008000984       0x5c ./Core/Src/MY_LIS3DSH.o
                0x0000000008000984                LIS3DSH_Z_calibrate
 .text.HAL_GPIO_EXTI_Callback
                0x00000000080009e0       0x20 ./Core/Src/main.o
                0x00000000080009e0                HAL_GPIO_EXTI_Callback
 .text.main     0x0000000008000a00      0x19c ./Core/Src/main.o
                0x0000000008000a00                main
 .text.SystemClock_Config
                0x0000000008000b9c       0xbc ./Core/Src/main.o
                0x0000000008000b9c                SystemClock_Config
 .text.MX_SPI1_Init
                0x0000000008000c58       0x6c ./Core/Src/main.o
 .text.MX_GPIO_Init
                0x0000000008000cc4       0xf8 ./Core/Src/main.o
 .text.Error_Handler
                0x0000000008000dbc        0xa ./Core/Src/main.o
                0x0000000008000dbc                Error_Handler
 *fill*         0x0000000008000dc6        0x2 
 .text.HAL_MspInit
                0x0000000008000dc8       0x50 ./Core/Src/stm32f4xx_hal_msp.o
                0x0000000008000dc8                HAL_MspInit
 .text.HAL_SPI_MspInit
                0x0000000008000e18       0x90 ./Core/Src/stm32f4xx_hal_msp.o
                0x0000000008000e18                HAL_SPI_MspInit
 .text.NMI_Handler
                0x0000000008000ea8        0x6 ./Core/Src/stm32f4xx_it.o
                0x0000000008000ea8                NMI_Handler
 .text.HardFault_Handler
                0x0000000008000eae        0x6 ./Core/Src/stm32f4xx_it.o
                0x0000000008000eae                HardFault_Handler
 .text.MemManage_Handler
                0x0000000008000eb4        0x6 ./Core/Src/stm32f4xx_it.o
                0x0000000008000eb4                MemManage_Handler
 .text.BusFault_Handler
                0x0000000008000eba        0x6 ./Core/Src/stm32f4xx_it.o
                0x0000000008000eba                BusFault_Handler
 .text.UsageFault_Handler
                0x0000000008000ec0        0x6 ./Core/Src/stm32f4xx_it.o
                0x0000000008000ec0                UsageFault_Handler
 .text.SVC_Handler
                0x0000000008000ec6        0xe ./Core/Src/stm32f4xx_it.o
                0x0000000008000ec6                SVC_Handler
 .text.DebugMon_Handler
                0x0000000008000ed4        0xe ./Core/Src/stm32f4xx_it.o
                0x0000000008000ed4                DebugMon_Handler
 .text.PendSV_Handler
                0x0000000008000ee2        0xe ./Core/Src/stm32f4xx_it.o
                0x0000000008000ee2                PendSV_Handler
 .text.SysTick_Handler
                0x0000000008000ef0        0xc ./Core/Src/stm32f4xx_it.o
                0x0000000008000ef0                SysTick_Handler
 .text.EXTI0_IRQHandler
                0x0000000008000efc        0xe ./Core/Src/stm32f4xx_it.o
                0x0000000008000efc                EXTI0_IRQHandler
 *fill*         0x0000000008000f0a        0x2 
 .text.SystemInit
                0x0000000008000f0c       0x24 ./Core/Src/system_stm32f4xx.o
                0x0000000008000f0c                SystemInit
 .text.Reset_Handler
                0x0000000008000f30       0x50 ./Core/Startup/startup_stm32f407vgtx.o
                0x0000000008000f30                Reset_Handler
 .text.Default_Handler
                0x0000000008000f80        0x2 ./Core/Startup/startup_stm32f407vgtx.o
                0x0000000008000f80                RTC_Alarm_IRQHandler
                0x0000000008000f80                HASH_RNG_IRQHandler
                0x0000000008000f80                EXTI2_IRQHandler
                0x0000000008000f80                TIM8_CC_IRQHandler
                0x0000000008000f80                TIM1_CC_IRQHandler
                0x0000000008000f80                DMA2_Stream5_IRQHandler
                0x0000000008000f80                DMA1_Stream5_IRQHandler
                0x0000000008000f80                PVD_IRQHandler
                0x0000000008000f80                SDIO_IRQHandler
                0x0000000008000f80                TAMP_STAMP_IRQHandler
                0x0000000008000f80                CAN2_RX1_IRQHandler
                0x0000000008000f80                EXTI3_IRQHandler
                0x0000000008000f80                TIM8_TRG_COM_TIM14_IRQHandler
                0x0000000008000f80                TIM1_UP_TIM10_IRQHandler
                0x0000000008000f80                TIM8_UP_TIM13_IRQHandler
                0x0000000008000f80                I2C3_ER_IRQHandler
                0x0000000008000f80                I2C2_EV_IRQHandler
                0x0000000008000f80                DMA1_Stream2_IRQHandler
                0x0000000008000f80                CAN1_RX0_IRQHandler
                0x0000000008000f80                FPU_IRQHandler
                0x0000000008000f80                OTG_HS_WKUP_IRQHandler
                0x0000000008000f80                CAN2_SCE_IRQHandler
                0x0000000008000f80                DMA2_Stream2_IRQHandler
                0x0000000008000f80                SPI1_IRQHandler
                0x0000000008000f80                TIM6_DAC_IRQHandler
                0x0000000008000f80                TIM1_BRK_TIM9_IRQHandler
                0x0000000008000f80                DCMI_IRQHandler
                0x0000000008000f80                CAN2_RX0_IRQHandler
                0x0000000008000f80                DMA2_Stream3_IRQHandler
                0x0000000008000f80                USART6_IRQHandler
                0x0000000008000f80                USART3_IRQHandler
                0x0000000008000f80                CAN1_RX1_IRQHandler
                0x0000000008000f80                UART5_IRQHandler
                0x0000000008000f80                DMA2_Stream0_IRQHandler
                0x0000000008000f80                TIM4_IRQHandler
                0x0000000008000f80                I2C1_EV_IRQHandler
                0x0000000008000f80                DMA1_Stream6_IRQHandler
                0x0000000008000f80                DMA1_Stream1_IRQHandler
                0x0000000008000f80                UART4_IRQHandler
                0x0000000008000f80                TIM3_IRQHandler
                0x0000000008000f80                RCC_IRQHandler
                0x0000000008000f80                TIM8_BRK_TIM12_IRQHandler
                0x0000000008000f80                Default_Handler
                0x0000000008000f80                EXTI15_10_IRQHandler
                0x0000000008000f80                ADC_IRQHandler
                0x0000000008000f80                DMA1_Stream7_IRQHandler
                0x0000000008000f80                TIM7_IRQHandler
                0x0000000008000f80                CAN2_TX_IRQHandler
                0x0000000008000f80                TIM5_IRQHandler
                0x0000000008000f80                DMA2_Stream7_IRQHandler
                0x0000000008000f80                I2C3_EV_IRQHandler
                0x0000000008000f80                EXTI9_5_IRQHandler
                0x0000000008000f80                RTC_WKUP_IRQHandler
                0x0000000008000f80                ETH_WKUP_IRQHandler
                0x0000000008000f80                SPI2_IRQHandler
                0x0000000008000f80                OTG_HS_EP1_IN_IRQHandler
                0x0000000008000f80                DMA1_Stream0_IRQHandler
                0x0000000008000f80                CAN1_TX_IRQHandler
                0x0000000008000f80                EXTI4_IRQHandler
                0x0000000008000f80                FSMC_IRQHandler
                0x0000000008000f80                ETH_IRQHandler
                0x0000000008000f80                OTG_HS_EP1_OUT_IRQHandler
                0x0000000008000f80                WWDG_IRQHandler
                0x0000000008000f80                TIM2_IRQHandler
                0x0000000008000f80                OTG_FS_WKUP_IRQHandler
                0x0000000008000f80                TIM1_TRG_COM_TIM11_IRQHandler
                0x0000000008000f80                OTG_HS_IRQHandler
                0x0000000008000f80                EXTI1_IRQHandler
                0x0000000008000f80                USART2_IRQHandler
                0x0000000008000f80                I2C2_ER_IRQHandler
                0x0000000008000f80                DMA2_Stream1_IRQHandler
                0x0000000008000f80                CAN1_SCE_IRQHandler
                0x0000000008000f80                FLASH_IRQHandler
                0x0000000008000f80                DMA2_Stream4_IRQHandler
                0x0000000008000f80                USART1_IRQHandler
                0x0000000008000f80                OTG_FS_IRQHandler
                0x0000000008000f80                SPI3_IRQHandler
                0x0000000008000f80                DMA1_Stream4_IRQHandler
                0x0000000008000f80                I2C1_ER_IRQHandler
                0x0000000008000f80                DMA2_Stream6_IRQHandler
                0x0000000008000f80                DMA1_Stream3_IRQHandler
 *fill*         0x0000000008000f82        0x2 
 .text.HAL_Init
                0x0000000008000f84       0x44 ./Drivers/STM32F4xx_HAL_Driver/Src/stm32f4xx_hal.o
                0x0000000008000f84                HAL_Init
 .text.HAL_InitTick
                0x0000000008000fc8       0x60 ./Drivers/STM32F4xx_HAL_Driver/Src/stm32f4xx_hal.o
                0x0000000008000fc8                HAL_InitTick
 .text.HAL_IncTick
                0x0000000008001028       0x28 ./Drivers/STM32F4xx_HAL_Driver/Src/stm32f4xx_hal.o
                0x0000000008001028                HAL_IncTick
 .text.HAL_GetTick
                0x0000000008001050       0x18 ./Drivers/STM32F4xx_HAL_Driver/Src/stm32f4xx_hal.o
                0x0000000008001050                HAL_GetTick
 .text.__NVIC_SetPriorityGrouping
                0x0000000008001068       0x48 ./Drivers/STM32F4xx_HAL_Driver/Src/stm32f4xx_hal_cortex.o
 .text.__NVIC_GetPriorityGrouping
                0x00000000080010b0       0x1c ./Drivers/STM32F4xx_HAL_Driver/Src/stm32f4xx_hal_cortex.o
 .text.__NVIC_EnableIRQ
                0x00000000080010cc       0x3c ./Drivers/STM32F4xx_HAL_Driver/Src/stm32f4xx_hal_cortex.o
 .text.__NVIC_SetPriority
                0x0000000008001108       0x54 ./Drivers/STM32F4xx_HAL_Driver/Src/stm32f4xx_hal_cortex.o
 .text.NVIC_EncodePriority
                0x000000000800115c       0x66 ./Drivers/STM32F4xx_HAL_Driver/Src/stm32f4xx_hal_cortex.o
 *fill*         0x00000000080011c2        0x2 
 .text.SysTick_Config
                0x00000000080011c4       0x44 ./Drivers/STM32F4xx_HAL_Driver/Src/stm32f4xx_hal_cortex.o
 .text.HAL_NVIC_SetPriorityGrouping
                0x0000000008001208       0x16 ./Drivers/STM32F4xx_HAL_Driver/Src/stm32f4xx_hal_cortex.o
                0x0000000008001208                HAL_NVIC_SetPriorityGrouping
 .text.HAL_NVIC_SetPriority
                0x000000000800121e       0x38 ./Drivers/STM32F4xx_HAL_Driver/Src/stm32f4xx_hal_cortex.o
                0x000000000800121e                HAL_NVIC_SetPriority
 .text.HAL_NVIC_EnableIRQ
                0x0000000008001256       0x1c ./Drivers/STM32F4xx_HAL_Driver/Src/stm32f4xx_hal_cortex.o
                0x0000000008001256                HAL_NVIC_EnableIRQ
 .text.HAL_SYSTICK_Config
                0x0000000008001272       0x18 ./Drivers/STM32F4xx_HAL_Driver/Src/stm32f4xx_hal_cortex.o
                0x0000000008001272                HAL_SYSTICK_Config
 *fill*         0x000000000800128a        0x2 
 .text.HAL_GPIO_Init
                0x000000000800128c      0x338 ./Drivers/STM32F4xx_HAL_Driver/Src/stm32f4xx_hal_gpio.o
                0x000000000800128c                HAL_GPIO_Init
 .text.HAL_GPIO_WritePin
                0x00000000080015c4       0x32 ./Drivers/STM32F4xx_HAL_Driver/Src/stm32f4xx_hal_gpio.o
                0x00000000080015c4                HAL_GPIO_WritePin
 *fill*         0x00000000080015f6        0x2 
 .text.HAL_GPIO_EXTI_IRQHandler
                0x00000000080015f8       0x30 ./Drivers/STM32F4xx_HAL_Driver/Src/stm32f4xx_hal_gpio.o
                0x00000000080015f8                HAL_GPIO_EXTI_IRQHandler
 .text.HAL_RCC_OscConfig
                0x0000000008001628      0x4f0 ./Drivers/STM32F4xx_HAL_Driver/Src/stm32f4xx_hal_rcc.o
                0x0000000008001628                HAL_RCC_OscConfig
 .text.HAL_RCC_ClockConfig
                0x0000000008001b18      0x1cc ./Drivers/STM32F4xx_HAL_Driver/Src/stm32f4xx_hal_rcc.o
                0x0000000008001b18                HAL_RCC_ClockConfig
 .text.HAL_RCC_GetSysClockFreq
                0x0000000008001ce4      0x18c ./Drivers/STM32F4xx_HAL_Driver/Src/stm32f4xx_hal_rcc.o
                0x0000000008001ce4                HAL_RCC_GetSysClockFreq
 .text.HAL_SPI_Init
                0x0000000008001e70      0x112 ./Drivers/STM32F4xx_HAL_Driver/Src/stm32f4xx_hal_spi.o
                0x0000000008001e70                HAL_SPI_Init
 .text.HAL_SPI_Transmit
                0x0000000008001f82      0x286 ./Drivers/STM32F4xx_HAL_Driver/Src/stm32f4xx_hal_spi.o
                0x0000000008001f82                HAL_SPI_Transmit
 .text.HAL_SPI_Receive
                0x0000000008002208      0x230 ./Drivers/STM32F4xx_HAL_Driver/Src/stm32f4xx_hal_spi.o
                0x0000000008002208                HAL_SPI_Receive
 .text.HAL_SPI_TransmitReceive
                0x0000000008002438      0x360 ./Drivers/STM32F4xx_HAL_Driver/Src/stm32f4xx_hal_spi.o
                0x0000000008002438                HAL_SPI_TransmitReceive
 .text.SPI_WaitFlagStateUntilTimeout
                0x0000000008002798      0x110 ./Drivers/STM32F4xx_HAL_Driver/Src/stm32f4xx_hal_spi.o
 .text.SPI_EndRxTransaction
                0x00000000080028a8       0xca ./Drivers/STM32F4xx_HAL_Driver/Src/stm32f4xx_hal_spi.o
 *fill*         0x0000000008002972        0x2 
 .text.SPI_EndRxTxTransaction
                0x0000000008002974       0xa8 ./Drivers/STM32F4xx_HAL_Driver/Src/stm32f4xx_hal_spi.o
 .text.memset   0x0000000008002a1c       0x10 D:/ST/STM32CubeIDE_1.14.0/STM32CubeIDE/plugins/com.st.stm32cube.ide.mcu.externaltools.gnu-tools-for-stm32.11.3.rel1.win32_1.1.100.202309141235/tools/bin/../lib/gcc/arm-none-eabi/11.3.1/../../../../arm-none-eabi/lib/thumb/v7e-m+fp/hard\libc_nano.a(libc_a-memset.o)
                0x0000000008002a1c                memset
 .text.__libc_init_array
                0x0000000008002a2c       0x48 D:/ST/STM32CubeIDE_1.14.0/STM32CubeIDE/plugins/com.st.stm32cube.ide.mcu.externaltools.gnu-tools-for-stm32.11.3.rel1.win32_1.1.100.202309141235/tools/bin/../lib/gcc/arm-none-eabi/11.3.1/../../../../arm-none-eabi/lib/thumb/v7e-m+fp/hard\libc_nano.a(libc_a-init.o)
                0x0000000008002a2c                __libc_init_array
 .text.memcpy   0x0000000008002a74       0x1c D:/ST/STM32CubeIDE_1.14.0/STM32CubeIDE/plugins/com.st.stm32cube.ide.mcu.externaltools.gnu-tools-for-stm32.11.3.rel1.win32_1.1.100.202309141235/tools/bin/../lib/gcc/arm-none-eabi/11.3.1/../../../../arm-none-eabi/lib/thumb/v7e-m+fp/hard\libc_nano.a(libc_a-memcpy-stub.o)
                0x0000000008002a74                memcpy
 *(.glue_7)
 .glue_7        0x0000000008002a90        0x0 linker stubs
 *(.glue_7t)
 .glue_7t       0x0000000008002a90        0x0 linker stubs
 *(.eh_frame)
 .eh_frame      0x0000000008002a90        0x0 D:/ST/STM32CubeIDE_1.14.0/STM32CubeIDE/plugins/com.st.stm32cube.ide.mcu.externaltools.gnu-tools-for-stm32.11.3.rel1.win32_1.1.100.202309141235/tools/bin/../lib/gcc/arm-none-eabi/11.3.1/thumb/v7e-m+fp/hard/crtbegin.o
 *(.init)
 .init          0x0000000008002a90        0x4 D:/ST/STM32CubeIDE_1.14.0/STM32CubeIDE/plugins/com.st.stm32cube.ide.mcu.externaltools.gnu-tools-for-stm32.11.3.rel1.win32_1.1.100.202309141235/tools/bin/../lib/gcc/arm-none-eabi/11.3.1/thumb/v7e-m+fp/hard/crti.o
                0x0000000008002a90                _init
 .init          0x0000000008002a94        0x8 D:/ST/STM32CubeIDE_1.14.0/STM32CubeIDE/plugins/com.st.stm32cube.ide.mcu.externaltools.gnu-tools-for-stm32.11.3.rel1.win32_1.1.100.202309141235/tools/bin/../lib/gcc/arm-none-eabi/11.3.1/thumb/v7e-m+fp/hard/crtn.o
 *(.fini)
 .fini          0x0000000008002a9c        0x4 D:/ST/STM32CubeIDE_1.14.0/STM32CubeIDE/plugins/com.st.stm32cube.ide.mcu.externaltools.gnu-tools-for-stm32.11.3.rel1.win32_1.1.100.202309141235/tools/bin/../lib/gcc/arm-none-eabi/11.3.1/thumb/v7e-m+fp/hard/crti.o
                0x0000000008002a9c                _fini
 .fini          0x0000000008002aa0        0x8 D:/ST/STM32CubeIDE_1.14.0/STM32CubeIDE/plugins/com.st.stm32cube.ide.mcu.externaltools.gnu-tools-for-stm32.11.3.rel1.win32_1.1.100.202309141235/tools/bin/../lib/gcc/arm-none-eabi/11.3.1/thumb/v7e-m+fp/hard/crtn.o
                0x0000000008002aa8                . = ALIGN (0x4)
                0x0000000008002aa8                _etext = .

.vfp11_veneer   0x0000000008002aa8        0x0
 .vfp11_veneer  0x0000000008002aa8        0x0 linker stubs

.v4_bx          0x0000000008002aa8        0x0
 .v4_bx         0x0000000008002aa8        0x0 linker stubs

.iplt           0x0000000008002aa8        0x0
 .iplt          0x0000000008002aa8        0x0 D:/ST/STM32CubeIDE_1.14.0/STM32CubeIDE/plugins/com.st.stm32cube.ide.mcu.externaltools.gnu-tools-for-stm32.11.3.rel1.win32_1.1.100.202309141235/tools/bin/../lib/gcc/arm-none-eabi/11.3.1/thumb/v7e-m+fp/hard/crtbegin.o

.rodata         0x0000000008002aa8       0x10
                0x0000000008002aa8                . = ALIGN (0x4)
 *(.rodata)
 *(.rodata*)
 .rodata.AHBPrescTable
                0x0000000008002aa8       0x10 ./Core/Src/system_stm32f4xx.o
                0x0000000008002aa8                AHBPrescTable
                0x0000000008002ab8                . = ALIGN (0x4)

.ARM.extab      0x0000000008002ab8        0x0
                0x0000000008002ab8                . = ALIGN (0x4)
 *(.ARM.extab* .gnu.linkonce.armextab.*)
                0x0000000008002ab8                . = ALIGN (0x4)

.ARM            0x0000000008002ab8        0x8
                0x0000000008002ab8                . = ALIGN (0x4)
                0x0000000008002ab8                __exidx_start = .
 *(.ARM.exidx*)
 .ARM.exidx     0x0000000008002ab8        0x8 D:/ST/STM32CubeIDE_1.14.0/STM32CubeIDE/plugins/com.st.stm32cube.ide.mcu.externaltools.gnu-tools-for-stm32.11.3.rel1.win32_1.1.100.202309141235/tools/bin/../lib/gcc/arm-none-eabi/11.3.1/thumb/v7e-m+fp/hard\libgcc.a(_udivmoddi4.o)
                0x0000000008002ac0                __exidx_end = .
                0x0000000008002ac0                . = ALIGN (0x4)

.rel.dyn        0x0000000008002ac0        0x0
 .rel.iplt      0x0000000008002ac0        0x0 D:/ST/STM32CubeIDE_1.14.0/STM32CubeIDE/plugins/com.st.stm32cube.ide.mcu.externaltools.gnu-tools-for-stm32.11.3.rel1.win32_1.1.100.202309141235/tools/bin/../lib/gcc/arm-none-eabi/11.3.1/thumb/v7e-m+fp/hard/crtbegin.o

.preinit_array  0x0000000008002ac0        0x0
                0x0000000008002ac0                . = ALIGN (0x4)
                0x0000000008002ac0                PROVIDE (__preinit_array_start = .)
 *(.preinit_array*)
                0x0000000008002ac0                PROVIDE (__preinit_array_end = .)
                0x0000000008002ac0                . = ALIGN (0x4)

.init_array     0x0000000008002ac0        0x4
                0x0000000008002ac0                . = ALIGN (0x4)
                0x0000000008002ac0                PROVIDE (__init_array_start = .)
 *(SORT_BY_NAME(.init_array.*))
 *(.init_array*)
 .init_array    0x0000000008002ac0        0x4 D:/ST/STM32CubeIDE_1.14.0/STM32CubeIDE/plugins/com.st.stm32cube.ide.mcu.externaltools.gnu-tools-for-stm32.11.3.rel1.win32_1.1.100.202309141235/tools/bin/../lib/gcc/arm-none-eabi/11.3.1/thumb/v7e-m+fp/hard/crtbegin.o
                0x0000000008002ac4                PROVIDE (__init_array_end = .)
                0x0000000008002ac4                . = ALIGN (0x4)

.fini_array     0x0000000008002ac4        0x4
                0x0000000008002ac4                . = ALIGN (0x4)
                [!provide]                        PROVIDE (__fini_array_start = .)
 *(SORT_BY_NAME(.fini_array.*))
 *(.fini_array*)
 .fini_array    0x0000000008002ac4        0x4 D:/ST/STM32CubeIDE_1.14.0/STM32CubeIDE/plugins/com.st.stm32cube.ide.mcu.externaltools.gnu-tools-for-stm32.11.3.rel1.win32_1.1.100.202309141235/tools/bin/../lib/gcc/arm-none-eabi/11.3.1/thumb/v7e-m+fp/hard/crtbegin.o
                [!provide]                        PROVIDE (__fini_array_end = .)
                0x0000000008002ac8                . = ALIGN (0x4)
                0x0000000008002ac8                _sidata = LOADADDR (.data)

.data           0x0000000020000000       0x1c load address 0x0000000008002ac8
                0x0000000020000000                . = ALIGN (0x4)
                0x0000000020000000                _sdata = .
 *(.data)
 *(.data*)
 .data.lis3dsh_Sensitivity
                0x0000000020000000        0x4 ./Core/Src/MY_LIS3DSH.o
 .data.__X_Scale
                0x0000000020000004        0x4 ./Core/Src/MY_LIS3DSH.o
 .data.__Y_Scale
                0x0000000020000008        0x4 ./Core/Src/MY_LIS3DSH.o
 .data.__Z_Scale
                0x000000002000000c        0x4 ./Core/Src/MY_LIS3DSH.o
 .data.SystemCoreClock
                0x0000000020000010        0x4 ./Core/Src/system_stm32f4xx.o
                0x0000000020000010                SystemCoreClock
 .data.uwTickPrio
                0x0000000020000014        0x4 ./Drivers/STM32F4xx_HAL_Driver/Src/stm32f4xx_hal.o
                0x0000000020000014                uwTickPrio
 .data.uwTickFreq
                0x0000000020000018        0x1 ./Drivers/STM32F4xx_HAL_Driver/Src/stm32f4xx_hal.o
                0x0000000020000018                uwTickFreq
 *(.RamFunc)
 *(.RamFunc*)
                0x000000002000001c                . = ALIGN (0x4)
 *fill*         0x0000000020000019        0x3 
                0x000000002000001c                _edata = .
                0x0000000008002ae4                _siccmram = LOADADDR (.ccmram)

.igot.plt       0x000000002000001c        0x0 load address 0x0000000008002ae4
 .igot.plt      0x000000002000001c        0x0 D:/ST/STM32CubeIDE_1.14.0/STM32CubeIDE/plugins/com.st.stm32cube.ide.mcu.externaltools.gnu-tools-for-stm32.11.3.rel1.win32_1.1.100.202309141235/tools/bin/../lib/gcc/arm-none-eabi/11.3.1/thumb/v7e-m+fp/hard/crtbegin.o

.ccmram         0x0000000010000000        0x0 load address 0x0000000008002ae4
                0x0000000010000000                . = ALIGN (0x4)
                0x0000000010000000                _sccmram = .
 *(.ccmram)
 *(.ccmram*)
                0x0000000010000000                . = ALIGN (0x4)
                0x0000000010000000                _eccmram = .
                0x0000000010000000                . = ALIGN (0x4)

.bss            0x000000002000001c       0xec
                0x000000002000001c                _sbss = .
                0x000000002000001c                __bss_start__ = _sbss
 *(.bss)
 .bss           0x000000002000001c       0x1c D:/ST/STM32CubeIDE_1.14.0/STM32CubeIDE/plugins/com.st.stm32cube.ide.mcu.externaltools.gnu-tools-for-stm32.11.3.rel1.win32_1.1.100.202309141235/tools/bin/../lib/gcc/arm-none-eabi/11.3.1/thumb/v7e-m+fp/hard/crtbegin.o
 *(.bss*)
 .bss.accSPI_Handle
                0x0000000020000038       0x58 ./Core/Src/MY_LIS3DSH.o
 .bss.__X_Bias  0x0000000020000090        0x4 ./Core/Src/MY_LIS3DSH.o
 .bss.__Y_Bias  0x0000000020000094        0x4 ./Core/Src/MY_LIS3DSH.o
 .bss.__Z_Bias  0x0000000020000098        0x4 ./Core/Src/MY_LIS3DSH.o
 .bss.hspi1     0x000000002000009c       0x58 ./Core/Src/main.o
                0x000000002000009c                hspi1
 .bss.myData    0x00000000200000f4        0xc ./Core/Src/main.o
                0x00000000200000f4                myData
 .bss.drdyFlag  0x0000000020000100        0x1 ./Core/Src/main.o
                0x0000000020000100                drdyFlag
 *fill*         0x0000000020000101        0x3 
 .bss.uwTick    0x0000000020000104        0x4 ./Drivers/STM32F4xx_HAL_Driver/Src/stm32f4xx_hal.o
                0x0000000020000104                uwTick
 *(COMMON)
                0x0000000020000108                . = ALIGN (0x4)
                0x0000000020000108                _ebss = .
                0x0000000020000108                __bss_end__ = _ebss

._user_heap_stack
                0x0000000020000108      0x600
                0x0000000020000108                . = ALIGN (0x8)
                [!provide]                        PROVIDE (end = .)
                0x0000000020000108                PROVIDE (_end = .)
                0x0000000020000308                . = (. + _Min_Heap_Size)
 *fill*         0x0000000020000108      0x200 
                0x0000000020000708                . = (. + _Min_Stack_Size)
 *fill*         0x0000000020000308      0x400 
                0x0000000020000708                . = ALIGN (0x8)

/DISCARD/
 libc.a(*)
 libm.a(*)
 libgcc.a(*)

.ARM.attributes
                0x0000000000000000       0x30
 *(.ARM.attributes)
 .ARM.attributes
                0x0000000000000000       0x1e D:/ST/STM32CubeIDE_1.14.0/STM32CubeIDE/plugins/com.st.stm32cube.ide.mcu.externaltools.gnu-tools-for-stm32.11.3.rel1.win32_1.1.100.202309141235/tools/bin/../lib/gcc/arm-none-eabi/11.3.1/thumb/v7e-m+fp/hard/crti.o
 .ARM.attributes
                0x000000000000001e       0x34 D:/ST/STM32CubeIDE_1.14.0/STM32CubeIDE/plugins/com.st.stm32cube.ide.mcu.externaltools.gnu-tools-for-stm32.11.3.rel1.win32_1.1.100.202309141235/tools/bin/../lib/gcc/arm-none-eabi/11.3.1/thumb/v7e-m+fp/hard/crtbegin.o
 .ARM.attributes
                0x0000000000000052       0x34 ./Core/Src/MY_LIS3DSH.o
 .ARM.attributes
                0x0000000000000086       0x34 ./Core/Src/main.o
 .ARM.attributes
                0x00000000000000ba       0x34 ./Core/Src/stm32f4xx_hal_msp.o
 .ARM.attributes
                0x00000000000000ee       0x34 ./Core/Src/stm32f4xx_it.o
 .ARM.attributes
                0x0000000000000122       0x34 ./Core/Src/system_stm32f4xx.o
 .ARM.attributes
                0x0000000000000156       0x21 ./Core/Startup/startup_stm32f407vgtx.o
 .ARM.attributes
                0x0000000000000177       0x34 ./Drivers/STM32F4xx_HAL_Driver/Src/stm32f4xx_hal.o
 .ARM.attributes
                0x00000000000001ab       0x34 ./Drivers/STM32F4xx_HAL_Driver/Src/stm32f4xx_hal_cortex.o
 .ARM.attributes
                0x00000000000001df       0x34 ./Drivers/STM32F4xx_HAL_Driver/Src/stm32f4xx_hal_gpio.o
 .ARM.attributes
                0x0000000000000213       0x34 ./Drivers/STM32F4xx_HAL_Driver/Src/stm32f4xx_hal_rcc.o
 .ARM.attributes
                0x0000000000000247       0x34 ./Drivers/STM32F4xx_HAL_Driver/Src/stm32f4xx_hal_spi.o
 .ARM.attributes
                0x000000000000027b       0x34 D:/ST/STM32CubeIDE_1.14.0/STM32CubeIDE/plugins/com.st.stm32cube.ide.mcu.externaltools.gnu-tools-for-stm32.11.3.rel1.win32_1.1.100.202309141235/tools/bin/../lib/gcc/arm-none-eabi/11.3.1/../../../../arm-none-eabi/lib/thumb/v7e-m+fp/hard\libc_nano.a(libc_a-memset.o)
 .ARM.attributes
                0x00000000000002af       0x34 D:/ST/STM32CubeIDE_1.14.0/STM32CubeIDE/plugins/com.st.stm32cube.ide.mcu.externaltools.gnu-tools-for-stm32.11.3.rel1.win32_1.1.100.202309141235/tools/bin/../lib/gcc/arm-none-eabi/11.3.1/../../../../arm-none-eabi/lib/thumb/v7e-m+fp/hard\libc_nano.a(libc_a-init.o)
 .ARM.attributes
                0x00000000000002e3       0x34 D:/ST/STM32CubeIDE_1.14.0/STM32CubeIDE/plugins/com.st.stm32cube.ide.mcu.externaltools.gnu-tools-for-stm32.11.3.rel1.win32_1.1.100.202309141235/tools/bin/../lib/gcc/arm-none-eabi/11.3.1/../../../../arm-none-eabi/lib/thumb/v7e-m+fp/hard\libc_nano.a(libc_a-memcpy-stub.o)
 .ARM.attributes
                0x0000000000000317       0x1e D:/ST/STM32CubeIDE_1.14.0/STM32CubeIDE/plugins/com.st.stm32cube.ide.mcu.externaltools.gnu-tools-for-stm32.11.3.rel1.win32_1.1.100.202309141235/tools/bin/../lib/gcc/arm-none-eabi/11.3.1/thumb/v7e-m+fp/hard\libgcc.a(_aeabi_uldivmod.o)
 .ARM.attributes
                0x0000000000000335       0x34 D:/ST/STM32CubeIDE_1.14.0/STM32CubeIDE/plugins/com.st.stm32cube.ide.mcu.externaltools.gnu-tools-for-stm32.11.3.rel1.win32_1.1.100.202309141235/tools/bin/../lib/gcc/arm-none-eabi/11.3.1/thumb/v7e-m+fp/hard\libgcc.a(_udivmoddi4.o)
 .ARM.attributes
                0x0000000000000369       0x1e D:/ST/STM32CubeIDE_1.14.0/STM32CubeIDE/plugins/com.st.stm32cube.ide.mcu.externaltools.gnu-tools-for-stm32.11.3.rel1.win32_1.1.100.202309141235/tools/bin/../lib/gcc/arm-none-eabi/11.3.1/thumb/v7e-m+fp/hard\libgcc.a(_dvmd_tls.o)
 .ARM.attributes
                0x0000000000000387       0x1e D:/ST/STM32CubeIDE_1.14.0/STM32CubeIDE/plugins/com.st.stm32cube.ide.mcu.externaltools.gnu-tools-for-stm32.11.3.rel1.win32_1.1.100.202309141235/tools/bin/../lib/gcc/arm-none-eabi/11.3.1/thumb/v7e-m+fp/hard/crtn.o
OUTPUT(Lab7.elf elf32-littlearm)
LOAD linker stubs
LOAD D:/ST/STM32CubeIDE_1.14.0/STM32CubeIDE/plugins/com.st.stm32cube.ide.mcu.externaltools.gnu-tools-for-stm32.11.3.rel1.win32_1.1.100.202309141235/tools/bin/../lib/gcc/arm-none-eabi/11.3.1/../../../../arm-none-eabi/lib/thumb/v7e-m+fp/hard\libc.a
LOAD D:/ST/STM32CubeIDE_1.14.0/STM32CubeIDE/plugins/com.st.stm32cube.ide.mcu.externaltools.gnu-tools-for-stm32.11.3.rel1.win32_1.1.100.202309141235/tools/bin/../lib/gcc/arm-none-eabi/11.3.1/../../../../arm-none-eabi/lib/thumb/v7e-m+fp/hard\libm.a
LOAD D:/ST/STM32CubeIDE_1.14.0/STM32CubeIDE/plugins/com.st.stm32cube.ide.mcu.externaltools.gnu-tools-for-stm32.11.3.rel1.win32_1.1.100.202309141235/tools/bin/../lib/gcc/arm-none-eabi/11.3.1/thumb/v7e-m+fp/hard\libgcc.a

.comment        0x0000000000000000       0x43
 .comment       0x0000000000000000       0x43 D:/ST/STM32CubeIDE_1.14.0/STM32CubeIDE/plugins/com.st.stm32cube.ide.mcu.externaltools.gnu-tools-for-stm32.11.3.rel1.win32_1.1.100.202309141235/tools/bin/../lib/gcc/arm-none-eabi/11.3.1/thumb/v7e-m+fp/hard/crtbegin.o
                                         0x44 (size before relaxing)
 .comment       0x0000000000000043       0x44 ./Core/Src/MY_LIS3DSH.o
 .comment       0x0000000000000043       0x44 ./Core/Src/main.o
 .comment       0x0000000000000043       0x44 ./Core/Src/stm32f4xx_hal_msp.o
 .comment       0x0000000000000043       0x44 ./Core/Src/stm32f4xx_it.o
 .comment       0x0000000000000043       0x44 ./Core/Src/system_stm32f4xx.o
 .comment       0x0000000000000043       0x44 ./Drivers/STM32F4xx_HAL_Driver/Src/stm32f4xx_hal.o
 .comment       0x0000000000000043       0x44 ./Drivers/STM32F4xx_HAL_Driver/Src/stm32f4xx_hal_cortex.o
 .comment       0x0000000000000043       0x44 ./Drivers/STM32F4xx_HAL_Driver/Src/stm32f4xx_hal_gpio.o
 .comment       0x0000000000000043       0x44 ./Drivers/STM32F4xx_HAL_Driver/Src/stm32f4xx_hal_rcc.o
 .comment       0x0000000000000043       0x44 ./Drivers/STM32F4xx_HAL_Driver/Src/stm32f4xx_hal_spi.o

.debug_info     0x0000000000000000     0x65f3
 .debug_info    0x0000000000000000      0xaf7 ./Core/Src/MY_LIS3DSH.o
 .debug_info    0x0000000000000af7      0xf64 ./Core/Src/main.o
 .debug_info    0x0000000000001a5b      0x90f ./Core/Src/stm32f4xx_hal_msp.o
 .debug_info    0x000000000000236a      0x14a ./Core/Src/stm32f4xx_it.o
 .debug_info    0x00000000000024b4      0x512 ./Core/Src/system_stm32f4xx.o
 .debug_info    0x00000000000029c6       0x23 ./Core/Startup/startup_stm32f407vgtx.o
 .debug_info    0x00000000000029e9      0x944 ./Drivers/STM32F4xx_HAL_Driver/Src/stm32f4xx_hal.o
 .debug_info    0x000000000000332d      0xd57 ./Drivers/STM32F4xx_HAL_Driver/Src/stm32f4xx_hal_cortex.o
 .debug_info    0x0000000000004084      0x6c3 ./Drivers/STM32F4xx_HAL_Driver/Src/stm32f4xx_hal_gpio.o
 .debug_info    0x0000000000004747      0x8b1 ./Drivers/STM32F4xx_HAL_Driver/Src/stm32f4xx_hal_rcc.o
 .debug_info    0x0000000000004ff8     0x15fb ./Drivers/STM32F4xx_HAL_Driver/Src/stm32f4xx_hal_spi.o

.debug_abbrev   0x0000000000000000     0x148a
 .debug_abbrev  0x0000000000000000      0x240 ./Core/Src/MY_LIS3DSH.o
 .debug_abbrev  0x0000000000000240      0x28d ./Core/Src/main.o
 .debug_abbrev  0x00000000000004cd      0x1a7 ./Core/Src/stm32f4xx_hal_msp.o
 .debug_abbrev  0x0000000000000674       0xa0 ./Core/Src/stm32f4xx_it.o
 .debug_abbrev  0x0000000000000714      0x11a ./Core/Src/system_stm32f4xx.o
 .debug_abbrev  0x000000000000082e       0x12 ./Core/Startup/startup_stm32f407vgtx.o
 .debug_abbrev  0x0000000000000840      0x214 ./Drivers/STM32F4xx_HAL_Driver/Src/stm32f4xx_hal.o
 .debug_abbrev  0x0000000000000a54      0x328 ./Drivers/STM32F4xx_HAL_Driver/Src/stm32f4xx_hal_cortex.o
 .debug_abbrev  0x0000000000000d7c      0x1d4 ./Drivers/STM32F4xx_HAL_Driver/Src/stm32f4xx_hal_gpio.o
 .debug_abbrev  0x0000000000000f50      0x2b6 ./Drivers/STM32F4xx_HAL_Driver/Src/stm32f4xx_hal_rcc.o
 .debug_abbrev  0x0000000000001206      0x284 ./Drivers/STM32F4xx_HAL_Driver/Src/stm32f4xx_hal_spi.o

.debug_aranges  0x0000000000000000      0x650
 .debug_aranges
                0x0000000000000000       0x60 ./Core/Src/MY_LIS3DSH.o
 .debug_aranges
                0x0000000000000060       0x48 ./Core/Src/main.o
 .debug_aranges
                0x00000000000000a8       0x30 ./Core/Src/stm32f4xx_hal_msp.o
 .debug_aranges
                0x00000000000000d8       0x68 ./Core/Src/stm32f4xx_it.o
 .debug_aranges
                0x0000000000000140       0x28 ./Core/Src/system_stm32f4xx.o
 .debug_aranges
                0x0000000000000168       0x28 ./Core/Startup/startup_stm32f407vgtx.o
 .debug_aranges
                0x0000000000000190       0xf0 ./Drivers/STM32F4xx_HAL_Driver/Src/stm32f4xx_hal.o
 .debug_aranges
                0x0000000000000280      0x120 ./Drivers/STM32F4xx_HAL_Driver/Src/stm32f4xx_hal_cortex.o
 .debug_aranges
                0x00000000000003a0       0x58 ./Drivers/STM32F4xx_HAL_Driver/Src/stm32f4xx_hal_gpio.o
 .debug_aranges
                0x00000000000003f8       0x88 ./Drivers/STM32F4xx_HAL_Driver/Src/stm32f4xx_hal_rcc.o
 .debug_aranges
                0x0000000000000480      0x1d0 ./Drivers/STM32F4xx_HAL_Driver/Src/stm32f4xx_hal_spi.o

.debug_rnglists
                0x0000000000000000      0x4ae
 .debug_rnglists
                0x0000000000000000       0x47 ./Core/Src/MY_LIS3DSH.o
 .debug_rnglists
                0x0000000000000047       0x34 ./Core/Src/main.o
 .debug_rnglists
                0x000000000000007b       0x20 ./Core/Src/stm32f4xx_hal_msp.o
 .debug_rnglists
                0x000000000000009b       0x49 ./Core/Src/stm32f4xx_it.o
 .debug_rnglists
                0x00000000000000e4       0x1a ./Core/Src/system_stm32f4xx.o
 .debug_rnglists
                0x00000000000000fe       0x19 ./Core/Startup/startup_stm32f407vgtx.o
 .debug_rnglists
                0x0000000000000117       0xaf ./Drivers/STM32F4xx_HAL_Driver/Src/stm32f4xx_hal.o
 .debug_rnglists
                0x00000000000001c6       0xd4 ./Drivers/STM32F4xx_HAL_Driver/Src/stm32f4xx_hal_cortex.o
 .debug_rnglists
                0x000000000000029a       0x3f ./Drivers/STM32F4xx_HAL_Driver/Src/stm32f4xx_hal_gpio.o
 .debug_rnglists
                0x00000000000002d9       0x66 ./Drivers/STM32F4xx_HAL_Driver/Src/stm32f4xx_hal_rcc.o
 .debug_rnglists
                0x000000000000033f      0x16f ./Drivers/STM32F4xx_HAL_Driver/Src/stm32f4xx_hal_spi.o

.debug_macro    0x0000000000000000    0x1fec7
 .debug_macro   0x0000000000000000      0x2a6 ./Core/Src/MY_LIS3DSH.o
 .debug_macro   0x00000000000002a6      0xaa8 ./Core/Src/MY_LIS3DSH.o
 .debug_macro   0x0000000000000d4e      0x295 ./Core/Src/MY_LIS3DSH.o
 .debug_macro   0x0000000000000fe3       0x2e ./Core/Src/MY_LIS3DSH.o
 .debug_macro   0x0000000000001011       0x2f ./Core/Src/MY_LIS3DSH.o
 .debug_macro   0x0000000000001040       0x22 ./Core/Src/MY_LIS3DSH.o
 .debug_macro   0x0000000000001062       0x8e ./Core/Src/MY_LIS3DSH.o
 .debug_macro   0x00000000000010f0       0x51 ./Core/Src/MY_LIS3DSH.o
 .debug_macro   0x0000000000001141      0x103 ./Core/Src/MY_LIS3DSH.o
 .debug_macro   0x0000000000001244       0x6a ./Core/Src/MY_LIS3DSH.o
 .debug_macro   0x00000000000012ae      0x1df ./Core/Src/MY_LIS3DSH.o
 .debug_macro   0x000000000000148d       0x1c ./Core/Src/MY_LIS3DSH.o
 .debug_macro   0x00000000000014a9       0x22 ./Core/Src/MY_LIS3DSH.o
 .debug_macro   0x00000000000014cb       0xfb ./Core/Src/MY_LIS3DSH.o
 .debug_macro   0x00000000000015c6     0x1011 ./Core/Src/MY_LIS3DSH.o
 .debug_macro   0x00000000000025d7      0x11f ./Core/Src/MY_LIS3DSH.o
 .debug_macro   0x00000000000026f6    0x15e97 ./Core/Src/MY_LIS3DSH.o
 .debug_macro   0x000000000001858d       0x6d ./Core/Src/MY_LIS3DSH.o
 .debug_macro   0x00000000000185fa     0x368c ./Core/Src/MY_LIS3DSH.o
 .debug_macro   0x000000000001bc86      0x174 ./Core/Src/MY_LIS3DSH.o
 .debug_macro   0x000000000001bdfa       0x5c ./Core/Src/MY_LIS3DSH.o
 .debug_macro   0x000000000001be56      0x980 ./Core/Src/MY_LIS3DSH.o
 .debug_macro   0x000000000001c7d6      0x9e9 ./Core/Src/MY_LIS3DSH.o
 .debug_macro   0x000000000001d1bf      0x115 ./Core/Src/MY_LIS3DSH.o
 .debug_macro   0x000000000001d2d4      0x13e ./Core/Src/MY_LIS3DSH.o
 .debug_macro   0x000000000001d412       0xa5 ./Core/Src/MY_LIS3DSH.o
 .debug_macro   0x000000000001d4b7      0x174 ./Core/Src/MY_LIS3DSH.o
 .debug_macro   0x000000000001d62b      0x287 ./Core/Src/MY_LIS3DSH.o
 .debug_macro   0x000000000001d8b2       0x5f ./Core/Src/MY_LIS3DSH.o
 .debug_macro   0x000000000001d911      0x236 ./Core/Src/MY_LIS3DSH.o
 .debug_macro   0x000000000001db47      0x12c ./Core/Src/MY_LIS3DSH.o
 .debug_macro   0x000000000001dc73      0x21e ./Core/Src/MY_LIS3DSH.o
 .debug_macro   0x000000000001de91       0x2e ./Core/Src/MY_LIS3DSH.o
 .debug_macro   0x000000000001debf      0x127 ./Core/Src/MY_LIS3DSH.o
 .debug_macro   0x000000000001dfe6       0x7e ./Core/Src/MY_LIS3DSH.o
 .debug_macro   0x000000000001e064       0x89 ./Core/Src/MY_LIS3DSH.o
 .debug_macro   0x000000000001e0ed      0x225 ./Core/Src/MY_LIS3DSH.o
 .debug_macro   0x000000000001e312      0x12d ./Core/Src/MY_LIS3DSH.o
 .debug_macro   0x000000000001e43f       0x22 ./Core/Src/MY_LIS3DSH.o
 .debug_macro   0x000000000001e461       0x61 ./Core/Src/MY_LIS3DSH.o
 .debug_macro   0x000000000001e4c2       0x2a ./Core/Src/MY_LIS3DSH.o
 .debug_macro   0x000000000001e4ec       0x43 ./Core/Src/MY_LIS3DSH.o
 .debug_macro   0x000000000001e52f       0x34 ./Core/Src/MY_LIS3DSH.o
 .debug_macro   0x000000000001e563       0x16 ./Core/Src/MY_LIS3DSH.o
 .debug_macro   0x000000000001e579       0x43 ./Core/Src/MY_LIS3DSH.o
 .debug_macro   0x000000000001e5bc       0x34 ./Core/Src/MY_LIS3DSH.o
 .debug_macro   0x000000000001e5f0       0x10 ./Core/Src/MY_LIS3DSH.o
 .debug_macro   0x000000000001e600       0x58 ./Core/Src/MY_LIS3DSH.o
 .debug_macro   0x000000000001e658       0x8e ./Core/Src/MY_LIS3DSH.o
 .debug_macro   0x000000000001e6e6       0x1c ./Core/Src/MY_LIS3DSH.o
 .debug_macro   0x000000000001e702      0x177 ./Core/Src/MY_LIS3DSH.o
 .debug_macro   0x000000000001e879      0x369 ./Core/Src/MY_LIS3DSH.o
 .debug_macro   0x000000000001ebe2       0x10 ./Core/Src/MY_LIS3DSH.o
 .debug_macro   0x000000000001ebf2       0x35 ./Core/Src/MY_LIS3DSH.o
 .debug_macro   0x000000000001ec27       0x20 ./Core/Src/MY_LIS3DSH.o
 .debug_macro   0x000000000001ec47      0x112 ./Core/Src/MY_LIS3DSH.o
 .debug_macro   0x000000000001ed59      0x2a9 ./Core/Src/main.o
 .debug_macro   0x000000000001f002       0x34 ./Core/Src/main.o
 .debug_macro   0x000000000001f036      0x1c9 ./Core/Src/stm32f4xx_hal_msp.o
 .debug_macro   0x000000000001f1ff      0x1d3 ./Core/Src/stm32f4xx_it.o
 .debug_macro   0x000000000001f3d2      0x1ba ./Core/Src/system_stm32f4xx.o
 .debug_macro   0x000000000001f58c      0x21a ./Drivers/STM32F4xx_HAL_Driver/Src/stm32f4xx_hal.o
 .debug_macro   0x000000000001f7a6      0x1ba ./Drivers/STM32F4xx_HAL_Driver/Src/stm32f4xx_hal_cortex.o
 .debug_macro   0x000000000001f960      0x1c0 ./Drivers/STM32F4xx_HAL_Driver/Src/stm32f4xx_hal_gpio.o
 .debug_macro   0x000000000001fb20      0x1de ./Drivers/STM32F4xx_HAL_Driver/Src/stm32f4xx_hal_rcc.o
 .debug_macro   0x000000000001fcfe      0x1c9 ./Drivers/STM32F4xx_HAL_Driver/Src/stm32f4xx_hal_spi.o

.debug_line     0x0000000000000000     0x78d6
 .debug_line    0x0000000000000000      0xacb ./Core/Src/MY_LIS3DSH.o
 .debug_line    0x0000000000000acb      0x9f0 ./Core/Src/main.o
 .debug_line    0x00000000000014bb      0x76a ./Core/Src/stm32f4xx_hal_msp.o
 .debug_line    0x0000000000001c25      0x7f7 ./Core/Src/stm32f4xx_it.o
 .debug_line    0x000000000000241c      0x79e ./Core/Src/system_stm32f4xx.o
 .debug_line    0x0000000000002bba       0x7a ./Core/Startup/startup_stm32f407vgtx.o
 .debug_line    0x0000000000002c34      0xa04 ./Drivers/STM32F4xx_HAL_Driver/Src/stm32f4xx_hal.o
 .debug_line    0x0000000000003638      0xcd0 ./Drivers/STM32F4xx_HAL_Driver/Src/stm32f4xx_hal_cortex.o
 .debug_line    0x0000000000004308      0xb78 ./Drivers/STM32F4xx_HAL_Driver/Src/stm32f4xx_hal_gpio.o
 .debug_line    0x0000000000004e80      0xd7b ./Drivers/STM32F4xx_HAL_Driver/Src/stm32f4xx_hal_rcc.o
 .debug_line    0x0000000000005bfb     0x1cdb ./Drivers/STM32F4xx_HAL_Driver/Src/stm32f4xx_hal_spi.o

.debug_str      0x0000000000000000    0xc1c19
 .debug_str     0x0000000000000000    0xbfebc ./Core/Src/MY_LIS3DSH.o
                                      0xc01b6 (size before relaxing)
 .debug_str     0x00000000000bfebc      0x912 ./Core/Src/main.o
                                      0xc08a7 (size before relaxing)
 .debug_str     0x00000000000c07ce       0x63 ./Core/Src/stm32f4xx_hal_msp.o
                                      0xbc967 (size before relaxing)
 .debug_str     0x00000000000c0831       0xf3 ./Core/Src/stm32f4xx_it.o
                                      0xbc430 (size before relaxing)
 .debug_str     0x00000000000c0924       0xdb ./Core/Src/system_stm32f4xx.o
                                      0xbc450 (size before relaxing)
 .debug_str     0x00000000000c09ff       0x34 ./Core/Startup/startup_stm32f407vgtx.o
                                         0x52 (size before relaxing)
 .debug_str     0x00000000000c0a33      0x601 ./Drivers/STM32F4xx_HAL_Driver/Src/stm32f4xx_hal.o
                                      0xbcfd4 (size before relaxing)
 .debug_str     0x00000000000c1034      0x34e ./Drivers/STM32F4xx_HAL_Driver/Src/stm32f4xx_hal_cortex.o
                                      0xbcd1e (size before relaxing)
 .debug_str     0x00000000000c1382       0xe8 ./Drivers/STM32F4xx_HAL_Driver/Src/stm32f4xx_hal_gpio.o
                                      0xbc5cb (size before relaxing)
 .debug_str     0x00000000000c146a      0x233 ./Drivers/STM32F4xx_HAL_Driver/Src/stm32f4xx_hal_rcc.o
                                      0xbc884 (size before relaxing)
 .debug_str     0x00000000000c169d      0x57c ./Drivers/STM32F4xx_HAL_Driver/Src/stm32f4xx_hal_spi.o
                                      0xbcd14 (size before relaxing)

.debug_frame    0x0000000000000000     0x1894
 .debug_frame   0x0000000000000000      0x160 ./Core/Src/MY_LIS3DSH.o
 .debug_frame   0x0000000000000160       0xd4 ./Core/Src/main.o
 .debug_frame   0x0000000000000234       0x80 ./Core/Src/stm32f4xx_hal_msp.o
 .debug_frame   0x00000000000002b4      0x120 ./Core/Src/stm32f4xx_it.o
 .debug_frame   0x00000000000003d4       0x58 ./Core/Src/system_stm32f4xx.o
 .debug_frame   0x000000000000042c      0x374 ./Drivers/STM32F4xx_HAL_Driver/Src/stm32f4xx_hal.o
 .debug_frame   0x00000000000007a0      0x4b8 ./Drivers/STM32F4xx_HAL_Driver/Src/stm32f4xx_hal_cortex.o
 .debug_frame   0x0000000000000c58      0x14c ./Drivers/STM32F4xx_HAL_Driver/Src/stm32f4xx_hal_gpio.o
 .debug_frame   0x0000000000000da4      0x1f4 ./Drivers/STM32F4xx_HAL_Driver/Src/stm32f4xx_hal_rcc.o
 .debug_frame   0x0000000000000f98      0x828 ./Drivers/STM32F4xx_HAL_Driver/Src/stm32f4xx_hal_spi.o
 .debug_frame   0x00000000000017c0       0x20 D:/ST/STM32CubeIDE_1.14.0/STM32CubeIDE/plugins/com.st.stm32cube.ide.mcu.externaltools.gnu-tools-for-stm32.11.3.rel1.win32_1.1.100.202309141235/tools/bin/../lib/gcc/arm-none-eabi/11.3.1/../../../../arm-none-eabi/lib/thumb/v7e-m+fp/hard\libc_nano.a(libc_a-memset.o)
 .debug_frame   0x00000000000017e0       0x2c D:/ST/STM32CubeIDE_1.14.0/STM32CubeIDE/plugins/com.st.stm32cube.ide.mcu.externaltools.gnu-tools-for-stm32.11.3.rel1.win32_1.1.100.202309141235/tools/bin/../lib/gcc/arm-none-eabi/11.3.1/../../../../arm-none-eabi/lib/thumb/v7e-m+fp/hard\libc_nano.a(libc_a-init.o)
 .debug_frame   0x000000000000180c       0x28 D:/ST/STM32CubeIDE_1.14.0/STM32CubeIDE/plugins/com.st.stm32cube.ide.mcu.externaltools.gnu-tools-for-stm32.11.3.rel1.win32_1.1.100.202309141235/tools/bin/../lib/gcc/arm-none-eabi/11.3.1/../../../../arm-none-eabi/lib/thumb/v7e-m+fp/hard\libc_nano.a(libc_a-memcpy-stub.o)
 .debug_frame   0x0000000000001834       0x2c D:/ST/STM32CubeIDE_1.14.0/STM32CubeIDE/plugins/com.st.stm32cube.ide.mcu.externaltools.gnu-tools-for-stm32.11.3.rel1.win32_1.1.100.202309141235/tools/bin/../lib/gcc/arm-none-eabi/11.3.1/thumb/v7e-m+fp/hard\libgcc.a(_aeabi_uldivmod.o)
 .debug_frame   0x0000000000001860       0x34 D:/ST/STM32CubeIDE_1.14.0/STM32CubeIDE/plugins/com.st.stm32cube.ide.mcu.externaltools.gnu-tools-for-stm32.11.3.rel1.win32_1.1.100.202309141235/tools/bin/../lib/gcc/arm-none-eabi/11.3.1/thumb/v7e-m+fp/hard\libgcc.a(_udivmoddi4.o)

.debug_line_str
                0x0000000000000000       0x46
 .debug_line_str
                0x0000000000000000       0x46 ./Core/Startup/startup_stm32f407vgtx.o
                                         0x5e (size before relaxing)
